
[2026-04-03T04:40:34.211Z] [INFO] Dispatcher: Registered agent [Researcher] researcher-001
[2026-04-03T04:40:34.212Z] [INFO] Daemon: Starting event loop (tick every 5s) — watching data/inbox/
[2026-04-03T04:40:34.212Z] [INFO] Squad OS started in Listening Mode — watching data/inbox/
[2026-04-03T04:40:39.242Z] [INFO] Daemon: Tick #1 at 2026-04-03T04:40:39.241Z
[2026-04-03T04:40:39.246Z] [INFO] Dispatcher: [Researcher] researcher-001 — started: "Analyze latest OpenClaw documentation"
[2026-04-03T04:40:42.246Z] [INFO] Dispatcher: [Researcher] researcher-001 — completed: "[Researcher:researcher-001] Completed: "Analyze latest OpenClaw documentation""
[2026-04-03T04:40:42.246Z] [INFO] Daemon: Task "Analyze latest OpenClaw documentation" → "[Researcher:researcher-001] Completed: "Analyze latest OpenClaw documentation""
[2026-04-03T04:40:42.246Z] [INFO] Daemon: Archived task-1.json → data/archive/task-1.json
[2026-04-03T04:40:44.243Z] [INFO] Daemon: Tick #2 at 2026-04-03T04:40:44.243Z
[2026-04-03T04:40:49.255Z] [INFO] Daemon: Tick #3 at 2026-04-03T04:40:49.253Z
[2026-04-03T04:40:54.262Z] [INFO] Daemon: Tick #4 at 2026-04-03T04:40:54.261Z
[2026-04-03T04:40:59.300Z] [INFO] Daemon: Tick #5 at 2026-04-03T04:40:59.300Z
[2026-04-03T04:41:03.472Z] [INFO] Daemon: Tick #6 at 2026-04-03T04:41:03.471Z
[2026-04-03T04:41:08.479Z] [INFO] Daemon: Tick #7 at 2026-04-03T04:41:08.478Z
[2026-04-03T04:41:13.488Z] [INFO] Daemon: Tick #8 at 2026-04-03T04:41:13.488Z
[2026-04-03T04:41:18.495Z] [INFO] Daemon: Tick #9 at 2026-04-03T04:41:18.494Z
[2026-04-03T04:41:23.546Z] [INFO] Daemon: Tick #10 at 2026-04-03T04:41:23.545Z
[2026-04-03T04:41:28.557Z] [INFO] Daemon: Tick #11 at 2026-04-03T04:41:28.556Z
[2026-04-03T04:41:33.566Z] [INFO] Daemon: Tick #12 at 2026-04-03T04:41:33.565Z
[2026-04-03T04:41:37.719Z] [INFO] Daemon: Tick #13 at 2026-04-03T04:41:37.718Z
[2026-04-03T04:41:42.732Z] [INFO] Daemon: Tick #14 at 2026-04-03T04:41:42.731Z
[2026-04-03T04:41:47.739Z] [INFO] Daemon: Tick #15 at 2026-04-03T04:41:47.738Z
[2026-04-03T04:41:52.744Z] [INFO] Daemon: Tick #16 at 2026-04-03T04:41:52.744Z
[2026-04-03T04:41:57.752Z] [INFO] Daemon: Tick #17 at 2026-04-03T04:41:57.751Z
[2026-04-03T04:42:02.770Z] [INFO] Daemon: Tick #18 at 2026-04-03T04:42:02.770Z
[2026-04-03T04:42:06.880Z] [INFO] Daemon: Tick #19 at 2026-04-03T04:42:06.879Z
[2026-04-03T04:42:11.883Z] [INFO] Daemon: Tick #20 at 2026-04-03T04:42:11.883Z
[2026-04-03T04:42:16.895Z] [INFO] Daemon: Tick #21 at 2026-04-03T04:42:16.894Z
[2026-04-03T04:42:21.909Z] [INFO] Daemon: Tick #22 at 2026-04-03T04:42:21.908Z
[2026-04-03T04:42:26.923Z] [INFO] Daemon: Tick #23 at 2026-04-03T04:42:26.922Z
[2026-04-03T04:42:31.935Z] [INFO] Daemon: Tick #24 at 2026-04-03T04:42:31.933Z
[2026-04-03T04:42:36.940Z] [INFO] Daemon: Tick #25 at 2026-04-03T04:42:36.940Z
[2026-04-03T04:42:41.010Z] [INFO] Daemon: Tick #26 at 2026-04-03T04:42:41.009Z
[2026-04-03T04:42:46.017Z] [INFO] Daemon: Tick #27 at 2026-04-03T04:42:46.016Z
[2026-04-03T04:42:51.062Z] [INFO] Daemon: Tick #28 at 2026-04-03T04:42:51.061Z
[2026-04-03T04:42:56.067Z] [INFO] Daemon: Tick #29 at 2026-04-03T04:42:56.067Z
[2026-04-03T04:43:01.078Z] [INFO] Daemon: Tick #30 at 2026-04-03T04:43:01.077Z
[2026-04-03T04:43:06.084Z] [INFO] Daemon: Tick #31 at 2026-04-03T04:43:06.083Z
[2026-04-03T04:43:10.141Z] [INFO] Daemon: Tick #32 at 2026-04-03T04:43:10.140Z
[2026-04-03T04:43:15.147Z] [INFO] Daemon: Tick #33 at 2026-04-03T04:43:15.147Z
[2026-04-03T04:43:20.164Z] [INFO] Daemon: Tick #34 at 2026-04-03T04:43:20.163Z
[2026-04-03T04:43:25.187Z] [INFO] Daemon: Tick #35 at 2026-04-03T04:43:25.186Z
[2026-04-03T04:43:30.216Z] [INFO] Daemon: Tick #36 at 2026-04-03T04:43:30.215Z
[2026-04-03T04:43:35.227Z] [INFO] Daemon: Tick #37 at 2026-04-03T04:43:35.227Z
[2026-04-03T04:43:40.243Z] [INFO] Daemon: Tick #38 at 2026-04-03T04:43:40.242Z
[2026-04-03T04:43:44.381Z] [INFO] Daemon: Tick #39 at 2026-04-03T04:43:44.380Z
[2026-04-03T04:43:49.392Z] [INFO] Daemon: Tick #40 at 2026-04-03T04:43:49.391Z
[2026-04-03T04:43:54.414Z] [INFO] Daemon: Tick #41 at 2026-04-03T04:43:54.413Z
[2026-04-03T04:43:59.424Z] [INFO] Daemon: Tick #42 at 2026-04-03T04:43:59.423Z
[2026-04-03T04:44:04.444Z] [INFO] Daemon: Tick #43 at 2026-04-03T04:44:04.443Z
[2026-04-03T04:44:09.465Z] [INFO] Daemon: Tick #44 at 2026-04-03T04:44:09.464Z
[2026-04-03T04:44:13.557Z] [INFO] Daemon: Tick #45 at 2026-04-03T04:44:13.556Z
[2026-04-03T04:44:18.562Z] [INFO] Daemon: Tick #46 at 2026-04-03T04:44:18.561Z
[2026-04-03T04:44:23.579Z] [INFO] Daemon: Tick #47 at 2026-04-03T04:44:23.578Z
[2026-04-03T04:44:28.591Z] [INFO] Daemon: Tick #48 at 2026-04-03T04:44:28.590Z
[2026-04-03T04:44:33.600Z] [INFO] Daemon: Tick #49 at 2026-04-03T04:44:33.600Z
[2026-04-03T04:44:38.612Z] [INFO] Daemon: Tick #50 at 2026-04-03T04:44:38.611Z
[2026-04-03T04:44:43.621Z] [INFO] Daemon: Tick #51 at 2026-04-03T04:44:43.620Z
[2026-04-03T04:44:47.775Z] [INFO] Daemon: Tick #52 at 2026-04-03T04:44:47.774Z
[2026-04-03T04:44:52.781Z] [INFO] Daemon: Tick #53 at 2026-04-03T04:44:52.780Z
[2026-04-03T04:44:57.788Z] [INFO] Daemon: Tick #54 at 2026-04-03T04:44:57.787Z
[2026-04-03T04:45:02.792Z] [INFO] Daemon: Tick #55 at 2026-04-03T04:45:02.792Z
[2026-04-03T04:45:07.798Z] [INFO] Daemon: Tick #56 at 2026-04-03T04:45:07.798Z
[2026-04-03T04:45:12.830Z] [INFO] Daemon: Tick #57 at 2026-04-03T04:45:12.829Z
[2026-04-03T04:45:16.968Z] [INFO] Daemon: Tick #58 at 2026-04-03T04:45:16.967Z
[2026-04-03T04:45:21.998Z] [INFO] Daemon: Tick #59 at 2026-04-03T04:45:21.997Z
[2026-04-03T04:45:27.014Z] [INFO] Daemon: Tick #60 at 2026-04-03T04:45:27.013Z
[2026-04-03T04:45:32.043Z] [INFO] Daemon: Tick #61 at 2026-04-03T04:45:32.042Z
[2026-04-03T04:45:37.049Z] [INFO] Daemon: Tick #62 at 2026-04-03T04:45:37.048Z
[2026-04-03T04:45:42.077Z] [INFO] Daemon: Tick #63 at 2026-04-03T04:45:42.076Z
[2026-04-03T04:45:47.086Z] [INFO] Daemon: Tick #64 at 2026-04-03T04:45:47.086Z
[2026-04-03T04:45:51.163Z] [INFO] Daemon: Tick #65 at 2026-04-03T04:45:51.162Z
[2026-04-03T04:45:56.171Z] [INFO] Daemon: Tick #66 at 2026-04-03T04:45:56.171Z
[2026-04-03T04:46:01.195Z] [INFO] Daemon: Tick #67 at 2026-04-03T04:46:01.194Z
[2026-04-03T04:46:06.216Z] [INFO] Daemon: Tick #68 at 2026-04-03T04:46:06.216Z
[2026-04-03T04:46:11.231Z] [INFO] Daemon: Tick #69 at 2026-04-03T04:46:11.230Z
[2026-04-03T04:46:16.241Z] [INFO] Daemon: Tick #70 at 2026-04-03T04:46:16.240Z
[2026-04-03T04:46:20.341Z] [INFO] Daemon: Tick #71 at 2026-04-03T04:46:20.340Z
[2026-04-03T04:46:25.353Z] [INFO] Daemon: Tick #72 at 2026-04-03T04:46:25.352Z
[2026-04-03T04:46:30.364Z] [INFO] Daemon: Tick #73 at 2026-04-03T04:46:30.363Z
[2026-04-03T04:46:35.375Z] [INFO] Daemon: Tick #74 at 2026-04-03T04:46:35.374Z
[2026-04-03T04:46:40.385Z] [INFO] Daemon: Tick #75 at 2026-04-03T04:46:40.384Z
[2026-04-03T04:46:45.393Z] [INFO] Daemon: Tick #76 at 2026-04-03T04:46:45.392Z
[2026-04-03T04:46:50.400Z] [INFO] Daemon: Tick #77 at 2026-04-03T04:46:50.399Z
[2026-04-03T04:46:54.452Z] [INFO] Daemon: Tick #78 at 2026-04-03T04:46:54.451Z
[2026-04-03T04:46:59.453Z] [INFO] Daemon: Tick #79 at 2026-04-03T04:46:59.452Z
[2026-04-03T04:47:04.499Z] [INFO] Daemon: Tick #80 at 2026-04-03T04:47:04.498Z
[2026-04-03T04:47:09.503Z] [INFO] Daemon: Tick #81 at 2026-04-03T04:47:09.503Z
[2026-04-03T04:47:14.512Z] [INFO] Daemon: Tick #82 at 2026-04-03T04:47:14.511Z
[2026-04-03T04:47:19.539Z] [INFO] Daemon: Tick #83 at 2026-04-03T04:47:19.538Z
[2026-04-03T04:47:23.581Z] [INFO] Daemon: Tick #84 at 2026-04-03T04:47:23.581Z
[2026-04-03T04:47:28.608Z] [INFO] Daemon: Tick #85 at 2026-04-03T04:47:28.608Z
[2026-04-03T04:47:33.619Z] [INFO] Daemon: Tick #86 at 2026-04-03T04:47:33.618Z
[2026-04-03T04:47:38.644Z] [INFO] Daemon: Tick #87 at 2026-04-03T04:47:38.642Z
[2026-04-03T04:47:43.662Z] [INFO] Daemon: Tick #88 at 2026-04-03T04:47:43.661Z
[2026-04-03T04:47:48.681Z] [INFO] Daemon: Tick #89 at 2026-04-03T04:47:48.680Z
[2026-04-03T04:47:53.698Z] [INFO] Daemon: Tick #90 at 2026-04-03T04:47:53.698Z
[2026-04-03T04:47:57.769Z] [INFO] Daemon: Tick #91 at 2026-04-03T04:47:57.768Z
[2026-04-03T04:48:02.781Z] [INFO] Daemon: Tick #92 at 2026-04-03T04:48:02.781Z
[2026-04-03T04:48:07.793Z] [INFO] Daemon: Tick #93 at 2026-04-03T04:48:07.793Z
[2026-04-03T04:48:12.804Z] [INFO] Daemon: Tick #94 at 2026-04-03T04:48:12.804Z
[2026-04-03T04:48:17.815Z] [INFO] Daemon: Tick #95 at 2026-04-03T04:48:17.814Z
[2026-04-03T04:48:22.823Z] [INFO] Daemon: Tick #96 at 2026-04-03T04:48:22.822Z
[2026-04-03T04:48:26.903Z] [INFO] Daemon: Tick #97 at 2026-04-03T04:48:26.902Z
[2026-04-03T04:48:31.916Z] [INFO] Daemon: Tick #98 at 2026-04-03T04:48:31.915Z
[2026-04-03T04:48:36.924Z] [INFO] Daemon: Tick #99 at 2026-04-03T04:48:36.922Z
[2026-04-03T04:48:41.934Z] [INFO] Daemon: Tick #100 at 2026-04-03T04:48:41.933Z
[2026-04-03T04:48:46.943Z] [INFO] Daemon: Tick #101 at 2026-04-03T04:48:46.942Z
[2026-04-03T04:48:51.966Z] [INFO] Daemon: Tick #102 at 2026-04-03T04:48:51.965Z
[2026-04-03T04:48:56.066Z] [INFO] Daemon: Tick #103 at 2026-04-03T04:48:56.065Z
[2026-04-03T04:49:01.088Z] [INFO] Daemon: Tick #104 at 2026-04-03T04:49:01.087Z
[2026-04-03T04:49:06.094Z] [INFO] Daemon: Tick #105 at 2026-04-03T04:49:06.093Z
[2026-04-03T04:49:11.100Z] [INFO] Daemon: Tick #106 at 2026-04-03T04:49:11.099Z
[2026-04-03T04:49:16.108Z] [INFO] Daemon: Tick #107 at 2026-04-03T04:49:16.107Z
[2026-04-03T04:49:21.113Z] [INFO] Daemon: Tick #108 at 2026-04-03T04:49:21.112Z
[2026-04-03T04:49:26.120Z] [INFO] Daemon: Tick #109 at 2026-04-03T04:49:26.119Z
[2026-04-03T04:49:30.205Z] [INFO] Daemon: Tick #110 at 2026-04-03T04:49:30.204Z
[2026-04-03T04:49:35.212Z] [INFO] Daemon: Tick #111 at 2026-04-03T04:49:35.212Z
[2026-04-03T04:49:40.220Z] [INFO] Daemon: Tick #112 at 2026-04-03T04:49:40.219Z
[2026-04-03T04:49:45.227Z] [INFO] Daemon: Tick #113 at 2026-04-03T04:49:45.226Z
[2026-04-03T04:49:50.234Z] [INFO] Daemon: Tick #114 at 2026-04-03T04:49:50.233Z
[2026-04-03T04:49:55.253Z] [INFO] Daemon: Tick #115 at 2026-04-03T04:49:55.252Z
[2026-04-03T04:49:59.329Z] [INFO] Daemon: Tick #116 at 2026-04-03T04:49:59.328Z
[2026-04-03T04:50:04.346Z] [INFO] Daemon: Tick #117 at 2026-04-03T04:50:04.345Z
[2026-04-03T04:50:09.365Z] [INFO] Daemon: Tick #118 at 2026-04-03T04:50:09.364Z
[2026-04-03T04:50:14.411Z] [INFO] Daemon: Tick #119 at 2026-04-03T04:50:14.410Z
[2026-04-03T04:50:19.473Z] [INFO] Daemon: Tick #120 at 2026-04-03T04:50:19.472Z
[2026-04-03T04:50:24.486Z] [INFO] Daemon: Tick #121 at 2026-04-03T04:50:24.486Z
[2026-04-03T04:50:29.514Z] [INFO] Daemon: Tick #122 at 2026-04-03T04:50:29.513Z
[2026-04-03T04:50:33.622Z] [INFO] Daemon: Tick #123 at 2026-04-03T04:50:33.622Z
[2026-04-03T04:50:38.635Z] [INFO] Daemon: Tick #124 at 2026-04-03T04:50:38.634Z
[2026-04-03T04:50:43.639Z] [INFO] Daemon: Tick #125 at 2026-04-03T04:50:43.638Z
[2026-04-03T04:50:48.657Z] [INFO] Daemon: Tick #126 at 2026-04-03T04:50:48.656Z
[2026-04-03T04:50:53.667Z] [INFO] Daemon: Tick #127 at 2026-04-03T04:50:53.665Z
[2026-04-03T04:50:58.667Z] [INFO] Daemon: Tick #128 at 2026-04-03T04:50:58.667Z
[2026-04-03T04:51:02.532Z] [INFO] Daemon: Tick #129 at 2026-04-03T04:51:02.531Z
[2026-04-03T04:51:07.534Z] [INFO] Daemon: Tick #130 at 2026-04-03T04:51:07.533Z
[2026-04-03T04:51:12.541Z] [INFO] Daemon: Tick #131 at 2026-04-03T04:51:12.541Z
[2026-04-03T04:51:17.592Z] [INFO] Daemon: Tick #132 at 2026-04-03T04:51:17.591Z
[2026-04-03T04:51:22.599Z] [INFO] Daemon: Tick #133 at 2026-04-03T04:51:22.598Z
[2026-04-03T04:51:27.605Z] [INFO] Daemon: Tick #134 at 2026-04-03T04:51:27.604Z
[2026-04-03T04:51:32.610Z] [INFO] Daemon: Tick #135 at 2026-04-03T04:51:32.609Z
[2026-04-03T04:51:36.615Z] [INFO] Daemon: Tick #136 at 2026-04-03T04:51:36.615Z
[2026-04-03T04:51:41.624Z] [INFO] Daemon: Tick #137 at 2026-04-03T04:51:41.623Z
[2026-04-03T04:51:46.627Z] [INFO] Daemon: Tick #138 at 2026-04-03T04:51:46.627Z
[2026-04-03T04:51:51.637Z] [INFO] Daemon: Tick #139 at 2026-04-03T04:51:51.635Z
[2026-04-03T04:51:56.647Z] [INFO] Daemon: Tick #140 at 2026-04-03T04:51:56.646Z
[2026-04-03T04:52:01.656Z] [INFO] Daemon: Tick #141 at 2026-04-03T04:52:01.655Z
[2026-04-03T04:52:05.758Z] [INFO] Daemon: Tick #142 at 2026-04-03T04:52:05.758Z
[2026-04-03T04:52:10.766Z] [INFO] Daemon: Tick #143 at 2026-04-03T04:52:10.765Z
[2026-04-03T04:52:15.786Z] [INFO] Daemon: Tick #144 at 2026-04-03T04:52:15.785Z
[2026-04-03T04:52:20.796Z] [INFO] Daemon: Tick #145 at 2026-04-03T04:52:20.795Z
[2026-04-03T04:52:25.802Z] [INFO] Daemon: Tick #146 at 2026-04-03T04:52:25.801Z
[2026-04-03T04:52:30.809Z] [INFO] Daemon: Tick #147 at 2026-04-03T04:52:30.808Z
[2026-04-03T04:52:35.821Z] [INFO] Daemon: Tick #148 at 2026-04-03T04:52:35.820Z
[2026-04-03T04:52:39.909Z] [INFO] Daemon: Tick #149 at 2026-04-03T04:52:39.908Z
[2026-04-03T04:52:44.917Z] [INFO] Daemon: Tick #150 at 2026-04-03T04:52:44.917Z
[2026-04-03T04:52:49.925Z] [INFO] Daemon: Tick #151 at 2026-04-03T04:52:49.924Z
[2026-04-03T04:52:54.939Z] [INFO] Daemon: Tick #152 at 2026-04-03T04:52:54.938Z
[2026-04-03T04:52:59.952Z] [INFO] Daemon: Tick #153 at 2026-04-03T04:52:59.951Z
[2026-04-03T04:53:04.966Z] [INFO] Daemon: Tick #154 at 2026-04-03T04:53:04.966Z
[2026-04-03T04:53:09.009Z] [INFO] Daemon: Tick #155 at 2026-04-03T04:53:09.009Z
[2026-04-03T04:53:14.019Z] [INFO] Daemon: Tick #156 at 2026-04-03T04:53:14.019Z
[2026-04-03T04:53:19.034Z] [INFO] Daemon: Tick #157 at 2026-04-03T04:53:19.034Z
[2026-04-03T04:53:24.047Z] [INFO] Daemon: Tick #158 at 2026-04-03T04:53:24.046Z
[2026-04-03T04:53:29.053Z] [INFO] Daemon: Tick #159 at 2026-04-03T04:53:29.052Z
[2026-04-03T04:53:34.056Z] [INFO] Daemon: Tick #160 at 2026-04-03T04:53:34.056Z
[2026-04-03T04:53:39.065Z] [INFO] Daemon: Tick #161 at 2026-04-03T04:53:39.064Z
[2026-04-03T04:53:43.096Z] [INFO] Daemon: Tick #162 at 2026-04-03T04:53:43.095Z
[2026-04-03T04:53:48.107Z] [INFO] Daemon: Tick #163 at 2026-04-03T04:53:48.106Z
[2026-04-03T04:53:53.113Z] [INFO] Daemon: Tick #164 at 2026-04-03T04:53:53.112Z
[2026-04-03T04:53:58.122Z] [INFO] Daemon: Tick #165 at 2026-04-03T04:53:58.121Z
[2026-04-03T04:54:03.130Z] [INFO] Daemon: Tick #166 at 2026-04-03T04:54:03.130Z
[2026-04-03T04:54:08.136Z] [INFO] Daemon: Tick #167 at 2026-04-03T04:54:08.135Z
[2026-04-03T04:54:12.207Z] [INFO] Daemon: Tick #168 at 2026-04-03T04:54:12.206Z
[2026-04-03T04:54:17.211Z] [INFO] Daemon: Tick #169 at 2026-04-03T04:54:17.210Z
[2026-04-03T04:54:22.223Z] [INFO] Daemon: Tick #170 at 2026-04-03T04:54:22.223Z
[2026-04-03T04:54:27.248Z] [INFO] Daemon: Tick #171 at 2026-04-03T04:54:27.248Z
[2026-04-03T04:54:32.272Z] [INFO] Daemon: Tick #172 at 2026-04-03T04:54:32.271Z
[2026-04-03T04:54:37.281Z] [INFO] Daemon: Tick #173 at 2026-04-03T04:54:37.280Z
[2026-04-03T04:54:42.296Z] [INFO] Daemon: Tick #174 at 2026-04-03T04:54:42.295Z
[2026-04-03T04:54:46.258Z] [INFO] Daemon: Tick #175 at 2026-04-03T04:54:46.257Z
[2026-04-03T04:54:51.279Z] [INFO] Daemon: Tick #176 at 2026-04-03T04:54:51.277Z
[2026-04-03T04:54:56.283Z] [INFO] Daemon: Tick #177 at 2026-04-03T04:54:56.282Z
[2026-04-03T04:55:01.300Z] [INFO] Daemon: Tick #178 at 2026-04-03T04:55:01.299Z
[2026-04-03T04:55:06.318Z] [INFO] Daemon: Tick #179 at 2026-04-03T04:55:06.317Z
[2026-04-03T04:55:11.336Z] [INFO] Daemon: Tick #180 at 2026-04-03T04:55:11.335Z
[2026-04-03T04:55:15.277Z] [INFO] Daemon: Tick #181 at 2026-04-03T04:55:15.276Z
[2026-04-03T04:55:20.288Z] [INFO] Daemon: Tick #182 at 2026-04-03T04:55:20.288Z
[2026-04-03T04:55:25.304Z] [INFO] Daemon: Tick #183 at 2026-04-03T04:55:25.303Z
[2026-04-03T04:55:30.320Z] [INFO] Daemon: Tick #184 at 2026-04-03T04:55:30.319Z
[2026-04-03T04:55:35.333Z] [INFO] Daemon: Tick #185 at 2026-04-03T04:55:35.332Z
[2026-04-03T04:55:40.340Z] [INFO] Daemon: Tick #186 at 2026-04-03T04:55:40.339Z
[2026-04-03T04:55:45.350Z] [INFO] Daemon: Tick #187 at 2026-04-03T04:55:45.350Z
[2026-04-03T04:55:49.441Z] [INFO] Daemon: Tick #188 at 2026-04-03T04:55:49.440Z
[2026-04-03T04:55:54.448Z] [INFO] Daemon: Tick #189 at 2026-04-03T04:55:54.446Z
[2026-04-03T04:55:59.456Z] [INFO] Daemon: Tick #190 at 2026-04-03T04:55:59.455Z
[2026-04-03T04:56:04.471Z] [INFO] Daemon: Tick #191 at 2026-04-03T04:56:04.471Z
[2026-04-03T04:56:09.503Z] [INFO] Daemon: Tick #192 at 2026-04-03T04:56:09.502Z
[2026-04-03T04:56:14.531Z] [INFO] Daemon: Tick #193 at 2026-04-03T04:56:14.530Z
[2026-04-03T04:56:18.572Z] [INFO] Daemon: Tick #194 at 2026-04-03T04:56:18.571Z
[2026-04-03T04:56:23.582Z] [INFO] Daemon: Tick #195 at 2026-04-03T04:56:23.581Z
[2026-04-03T04:56:28.607Z] [INFO] Daemon: Tick #196 at 2026-04-03T04:56:28.606Z
[2026-04-03T04:56:33.632Z] [INFO] Daemon: Tick #197 at 2026-04-03T04:56:33.631Z
[2026-04-03T04:56:38.655Z] [INFO] Daemon: Tick #198 at 2026-04-03T04:56:38.654Z
[2026-04-03T04:56:43.658Z] [INFO] Daemon: Tick #199 at 2026-04-03T04:56:43.656Z
[2026-04-03T04:56:48.677Z] [INFO] Daemon: Tick #200 at 2026-04-03T04:56:48.676Z
[2026-04-03T04:56:52.713Z] [INFO] Daemon: Tick #201 at 2026-04-03T04:56:52.712Z
[2026-04-03T04:56:57.729Z] [INFO] Daemon: Tick #202 at 2026-04-03T04:56:57.728Z
[2026-04-03T04:57:02.739Z] [INFO] Daemon: Tick #203 at 2026-04-03T04:57:02.739Z
[2026-04-03T04:57:07.751Z] [INFO] Daemon: Tick #204 at 2026-04-03T04:57:07.750Z
[2026-04-03T04:57:12.764Z] [INFO] Daemon: Tick #205 at 2026-04-03T04:57:12.762Z
[2026-04-03T04:57:17.771Z] [INFO] Daemon: Tick #206 at 2026-04-03T04:57:17.770Z
[2026-04-03T04:57:21.784Z] [INFO] Daemon: Tick #207 at 2026-04-03T04:57:21.783Z
[2026-04-03T04:57:26.791Z] [INFO] Daemon: Tick #208 at 2026-04-03T04:57:26.789Z
[2026-04-03T04:57:31.824Z] [INFO] Daemon: Tick #209 at 2026-04-03T04:57:31.823Z
[2026-04-03T04:57:36.866Z] [INFO] Daemon: Tick #210 at 2026-04-03T04:57:36.865Z
[2026-04-03T04:57:41.898Z] [INFO] Daemon: Tick #211 at 2026-04-03T04:57:41.898Z
[2026-04-03T04:57:46.907Z] [INFO] Daemon: Tick #212 at 2026-04-03T04:57:46.906Z
[2026-04-03T04:57:51.929Z] [INFO] Daemon: Tick #213 at 2026-04-03T04:57:51.928Z
[2026-04-03T04:57:55.983Z] [INFO] Daemon: Tick #214 at 2026-04-03T04:57:55.982Z
[2026-04-03T04:58:00.998Z] [INFO] Daemon: Tick #215 at 2026-04-03T04:58:00.998Z
[2026-04-03T04:58:06.006Z] [INFO] Daemon: Tick #216 at 2026-04-03T04:58:06.005Z
[2026-04-03T04:58:11.013Z] [INFO] Daemon: Tick #217 at 2026-04-03T04:58:11.012Z
[2026-04-03T04:58:16.018Z] [INFO] Daemon: Tick #218 at 2026-04-03T04:58:16.018Z
[2026-04-03T04:58:21.052Z] [INFO] Daemon: Tick #219 at 2026-04-03T04:58:21.051Z
[2026-04-03T04:58:25.034Z] [INFO] Daemon: Tick #220 at 2026-04-03T04:58:25.033Z
[2026-04-03T04:58:30.042Z] [INFO] Daemon: Tick #221 at 2026-04-03T04:58:30.042Z
[2026-04-03T04:58:35.049Z] [INFO] Daemon: Tick #222 at 2026-04-03T04:58:35.048Z
[2026-04-03T04:58:40.063Z] [INFO] Daemon: Tick #223 at 2026-04-03T04:58:40.062Z
[2026-04-03T04:58:45.072Z] [INFO] Daemon: Tick #224 at 2026-04-03T04:58:45.071Z
[2026-04-03T04:58:50.080Z] [INFO] Daemon: Tick #225 at 2026-04-03T04:58:50.079Z
[2026-04-03T04:58:55.089Z] [INFO] Daemon: Tick #226 at 2026-04-03T04:58:55.088Z
[2026-04-03T04:58:58.986Z] [INFO] Daemon: Tick #227 at 2026-04-03T04:58:58.985Z
[2026-04-03T04:59:03.995Z] [INFO] Daemon: Tick #228 at 2026-04-03T04:59:03.994Z
[2026-04-03T04:59:09.003Z] [INFO] Daemon: Tick #229 at 2026-04-03T04:59:09.002Z
[2026-04-03T04:59:14.012Z] [INFO] Daemon: Tick #230 at 2026-04-03T04:59:14.012Z
[2026-04-03T04:59:19.029Z] [INFO] Daemon: Tick #231 at 2026-04-03T04:59:19.028Z
[2026-04-03T04:59:24.044Z] [INFO] Daemon: Tick #232 at 2026-04-03T04:59:24.043Z
[2026-04-03T04:59:28.069Z] [INFO] Daemon: Tick #233 at 2026-04-03T04:59:28.068Z
[2026-04-03T04:59:33.070Z] [INFO] Daemon: Tick #234 at 2026-04-03T04:59:33.070Z
[2026-04-03T04:59:38.090Z] [INFO] Daemon: Tick #235 at 2026-04-03T04:59:38.089Z
[2026-04-03T04:59:43.103Z] [INFO] Daemon: Tick #236 at 2026-04-03T04:59:43.102Z
[2026-04-03T04:59:48.125Z] [INFO] Daemon: Tick #237 at 2026-04-03T04:59:48.124Z
[2026-04-03T04:59:53.133Z] [INFO] Daemon: Tick #238 at 2026-04-03T04:59:53.132Z
[2026-04-03T04:59:58.150Z] [INFO] Daemon: Tick #239 at 2026-04-03T04:59:58.149Z
[2026-04-03T05:00:02.166Z] [INFO] Daemon: Tick #240 at 2026-04-03T05:00:02.165Z
[2026-04-03T05:00:07.180Z] [INFO] Daemon: Tick #241 at 2026-04-03T05:00:07.179Z
[2026-04-03T05:00:12.193Z] [INFO] Daemon: Tick #242 at 2026-04-03T05:00:12.192Z
[2026-04-03T05:00:17.200Z] [INFO] Daemon: Tick #243 at 2026-04-03T05:00:17.199Z
[2026-04-03T05:00:22.212Z] [INFO] Daemon: Tick #244 at 2026-04-03T05:00:22.211Z
[2026-04-03T05:00:27.221Z] [INFO] Daemon: Tick #245 at 2026-04-03T05:00:27.220Z
[2026-04-03T05:00:31.245Z] [INFO] Daemon: Tick #246 at 2026-04-03T05:00:31.243Z
[2026-04-03T05:00:36.249Z] [INFO] Daemon: Tick #247 at 2026-04-03T05:00:36.249Z
[2026-04-03T05:00:41.265Z] [INFO] Daemon: Tick #248 at 2026-04-03T05:00:41.264Z
[2026-04-03T05:00:46.287Z] [INFO] Daemon: Tick #249 at 2026-04-03T05:00:46.285Z
[2026-04-03T05:00:51.317Z] [INFO] Daemon: Tick #250 at 2026-04-03T05:00:51.316Z
[2026-04-03T05:00:56.323Z] [INFO] Daemon: Tick #251 at 2026-04-03T05:00:56.322Z
[2026-04-03T05:01:01.334Z] [INFO] Daemon: Tick #252 at 2026-04-03T05:01:01.333Z
[2026-04-03T05:01:05.346Z] [INFO] Daemon: Tick #253 at 2026-04-03T05:01:05.345Z
[2026-04-03T05:01:10.364Z] [INFO] Daemon: Tick #254 at 2026-04-03T05:01:10.363Z
[2026-04-03T05:01:15.374Z] [INFO] Daemon: Tick #255 at 2026-04-03T05:01:15.373Z
[2026-04-03T05:01:20.377Z] [INFO] Daemon: Tick #256 at 2026-04-03T05:01:20.376Z
[2026-04-03T05:01:25.393Z] [INFO] Daemon: Tick #257 at 2026-04-03T05:01:25.392Z
[2026-04-03T05:01:30.408Z] [INFO] Daemon: Tick #258 at 2026-04-03T05:01:30.407Z
[2026-04-03T05:01:34.353Z] [INFO] Daemon: Tick #259 at 2026-04-03T05:01:34.352Z
[2026-04-03T05:01:39.363Z] [INFO] Daemon: Tick #260 at 2026-04-03T05:01:39.362Z
[2026-04-03T05:01:44.373Z] [INFO] Daemon: Tick #261 at 2026-04-03T05:01:44.373Z
[2026-04-03T05:01:49.382Z] [INFO] Daemon: Tick #262 at 2026-04-03T05:01:49.381Z
[2026-04-03T05:01:54.387Z] [INFO] Daemon: Tick #263 at 2026-04-03T05:01:54.387Z
[2026-04-03T05:01:59.406Z] [INFO] Daemon: Tick #264 at 2026-04-03T05:01:59.405Z
[2026-04-03T05:02:04.413Z] [INFO] Daemon: Tick #265 at 2026-04-03T05:02:04.413Z
[2026-04-03T05:02:08.395Z] [INFO] Daemon: Tick #266 at 2026-04-03T05:02:08.394Z
[2026-04-03T05:02:13.401Z] [INFO] Daemon: Tick #267 at 2026-04-03T05:02:13.400Z
[2026-04-03T05:02:18.408Z] [INFO] Daemon: Tick #268 at 2026-04-03T05:02:18.407Z
[2026-04-03T05:02:23.412Z] [INFO] Daemon: Tick #269 at 2026-04-03T05:02:23.411Z
[2026-04-03T05:02:28.425Z] [INFO] Daemon: Tick #270 at 2026-04-03T05:02:28.424Z
[2026-04-03T05:02:33.450Z] [INFO] Daemon: Tick #271 at 2026-04-03T05:02:33.449Z
[2026-04-03T05:02:37.467Z] [INFO] Daemon: Tick #272 at 2026-04-03T05:02:37.466Z
[2026-04-03T05:02:42.476Z] [INFO] Daemon: Tick #273 at 2026-04-03T05:02:42.475Z
[2026-04-03T05:02:47.481Z] [INFO] Daemon: Tick #274 at 2026-04-03T05:02:47.480Z
[2026-04-03T05:02:52.487Z] [INFO] Daemon: Tick #275 at 2026-04-03T05:02:52.486Z
[2026-04-03T05:02:57.494Z] [INFO] Daemon: Tick #276 at 2026-04-03T05:02:57.493Z
[2026-04-03T05:03:02.501Z] [INFO] Daemon: Tick #277 at 2026-04-03T05:03:02.500Z
[2026-04-03T05:03:07.507Z] [INFO] Daemon: Tick #278 at 2026-04-03T05:03:07.506Z
[2026-04-03T05:03:11.476Z] [INFO] Daemon: Tick #279 at 2026-04-03T05:03:11.475Z
[2026-04-03T05:03:16.488Z] [INFO] Daemon: Tick #280 at 2026-04-03T05:03:16.488Z
[2026-04-03T05:03:21.517Z] [INFO] Daemon: Tick #281 at 2026-04-03T05:03:21.516Z
[2026-04-03T05:03:26.526Z] [INFO] Daemon: Tick #282 at 2026-04-03T05:03:26.525Z
[2026-04-03T05:03:31.530Z] [INFO] Daemon: Tick #283 at 2026-04-03T05:03:31.529Z
[2026-04-03T05:03:36.539Z] [INFO] Daemon: Tick #284 at 2026-04-03T05:03:36.538Z
[2026-04-03T05:03:40.480Z] [INFO] Daemon: Tick #285 at 2026-04-03T05:03:40.479Z
[2026-04-03T05:03:45.486Z] [INFO] Daemon: Tick #286 at 2026-04-03T05:03:45.485Z
[2026-04-03T05:03:50.497Z] [INFO] Daemon: Tick #287 at 2026-04-03T05:03:50.497Z
[2026-04-03T05:03:55.510Z] [INFO] Daemon: Tick #288 at 2026-04-03T05:03:55.509Z
[2026-04-03T05:04:00.516Z] [INFO] Daemon: Tick #289 at 2026-04-03T05:04:00.515Z
[2026-04-03T05:04:05.532Z] [INFO] Daemon: Tick #290 at 2026-04-03T05:04:05.532Z
[2026-04-03T05:04:10.538Z] [INFO] Daemon: Tick #291 at 2026-04-03T05:04:10.537Z
[2026-04-03T05:04:14.530Z] [INFO] Daemon: Tick #292 at 2026-04-03T05:04:14.529Z
[2026-04-03T05:04:19.545Z] [INFO] Daemon: Tick #293 at 2026-04-03T05:04:19.544Z
[2026-04-03T05:04:24.557Z] [INFO] Daemon: Tick #294 at 2026-04-03T05:04:24.556Z
[2026-04-03T05:04:29.565Z] [INFO] Daemon: Tick #295 at 2026-04-03T05:04:29.564Z
[2026-04-03T05:04:34.571Z] [INFO] Daemon: Tick #296 at 2026-04-03T05:04:34.570Z
[2026-04-03T05:04:39.580Z] [INFO] Daemon: Tick #297 at 2026-04-03T05:04:39.578Z
[2026-04-03T05:04:43.494Z] [INFO] Daemon: Tick #298 at 2026-04-03T05:04:43.493Z
[2026-04-03T05:04:48.500Z] [INFO] Daemon: Tick #299 at 2026-04-03T05:04:48.499Z
[2026-04-03T05:04:53.520Z] [INFO] Daemon: Tick #300 at 2026-04-03T05:04:53.519Z
[2026-04-03T05:04:58.526Z] [INFO] Daemon: Tick #301 at 2026-04-03T05:04:58.526Z
[2026-04-03T05:05:03.543Z] [INFO] Daemon: Tick #302 at 2026-04-03T05:05:03.542Z
[2026-04-03T05:05:08.554Z] [INFO] Daemon: Tick #303 at 2026-04-03T05:05:08.553Z
[2026-04-03T05:05:12.417Z] [INFO] Daemon: Tick #304 at 2026-04-03T05:05:12.416Z
[2026-04-03T05:05:17.423Z] [INFO] Daemon: Tick #305 at 2026-04-03T05:05:17.422Z
[2026-04-03T05:05:22.440Z] [INFO] Daemon: Tick #306 at 2026-04-03T05:05:22.439Z
[2026-04-03T05:05:27.460Z] [INFO] Daemon: Tick #307 at 2026-04-03T05:05:27.458Z
[2026-04-03T05:05:32.478Z] [INFO] Daemon: Tick #308 at 2026-04-03T05:05:32.477Z
[2026-04-03T05:05:37.483Z] [INFO] Daemon: Tick #309 at 2026-04-03T05:05:37.483Z
[2026-04-03T05:05:42.491Z] [INFO] Daemon: Tick #310 at 2026-04-03T05:05:42.490Z
[2026-04-03T05:05:46.418Z] [INFO] Daemon: Tick #311 at 2026-04-03T05:05:46.417Z
[2026-04-03T05:05:51.426Z] [INFO] Daemon: Tick #312 at 2026-04-03T05:05:51.424Z
[2026-04-03T05:05:56.431Z] [INFO] Daemon: Tick #313 at 2026-04-03T05:05:56.430Z
[2026-04-03T05:06:01.439Z] [INFO] Daemon: Tick #314 at 2026-04-03T05:06:01.438Z
[2026-04-03T05:06:06.445Z] [INFO] Daemon: Tick #315 at 2026-04-03T05:06:06.444Z
[2026-04-03T05:06:11.450Z] [INFO] Daemon: Tick #316 at 2026-04-03T05:06:11.450Z
[2026-04-03T05:06:15.410Z] [INFO] Daemon: Tick #317 at 2026-04-03T05:06:15.409Z
[2026-04-03T05:06:20.414Z] [INFO] Daemon: Tick #318 at 2026-04-03T05:06:20.414Z
[2026-04-03T05:06:25.432Z] [INFO] Daemon: Tick #319 at 2026-04-03T05:06:25.430Z
[2026-04-03T05:06:30.470Z] [INFO] Daemon: Tick #320 at 2026-04-03T05:06:30.469Z
